LOG RECORDED AT: 24-09-2025 22:48:08
STARTED BY FILE: __main__.py
RUN METHOD: Server started (uvicorn)


22:48:12 | INFO | db_op - get_db - 59 | Database session established for FastAPI request: <sqlalchemy.orm.session.Session object at 0x000002A175BF5180>
22:48:12 | INFO | db_op - get_db - 59 | Database session established for FastAPI request: <sqlalchemy.orm.session.Session object at 0x000002A175BF5CC0>
22:48:12 | INFO | db_op - get_db - 59 | Database session established for FastAPI request: <sqlalchemy.orm.session.Session object at 0x000002A175BF6020>


============================== Get session list

22:48:14 | INFO | db_op - get_db - 64 | Closing database session for FastAPI request.
22:48:14 | INFO | db_op - get_db - 64 | Closing database session for FastAPI request.
22:48:14 | INFO | db_op - get_db - 64 | Closing database session for FastAPI request.
22:48:15 | INFO | db_op - get_db - 59 | Database session established for FastAPI request: <sqlalchemy.orm.session.Session object at 0x000002A175C4F340>
22:48:16 | INFO | db_op - get_db - 64 | Closing database session for FastAPI request.
22:48:23 | INFO | db_op - get_db - 59 | Database session established for FastAPI request: <sqlalchemy.orm.session.Session object at 0x000002A175B82FB0>
22:48:23 | INFO | db_op - get_db - 64 | Closing database session for FastAPI request.
22:48:24 | INFO | db_op - get_db - 59 | Database session established for FastAPI request: <sqlalchemy.orm.session.Session object at 0x000002A175B83160>
22:48:24 | INFO | db_op - get_db - 64 | Closing database session for FastAPI request.
22:48:25 | INFO | db_op - get_db - 59 | Database session established for FastAPI request: <sqlalchemy.orm.session.Session object at 0x000002A175B82D10>
22:48:25 | INFO | db_op - get_db - 64 | Closing database session for FastAPI request.
22:48:27 | INFO | db_op - get_db - 59 | Database session established for FastAPI request: <sqlalchemy.orm.session.Session object at 0x000002A175B831C0>
22:48:27 | INFO | file_op - list_dict_to_df - 139 | List_of_dict -> Dataframe successful
22:48:28 | INFO | db_op - get_db - 64 | Closing database session for FastAPI request.
22:48:39 | INFO | db_op - get_db - 59 | Database session established for FastAPI request: <sqlalchemy.orm.session.Session object at 0x000002A175B82D10>
22:48:39 | INFO | db_op - get_db - 64 | Closing database session for FastAPI request.
22:48:49 | INFO | db_op - get_db - 59 | Database session established for FastAPI request: <sqlalchemy.orm.session.Session object at 0x000002A175B82E00>


============================== Get session list

22:48:49 | INFO | db_op - get_db - 64 | Closing database session for FastAPI request.
22:48:50 | INFO | db_op - get_db - 59 | Database session established for FastAPI request: <sqlalchemy.orm.session.Session object at 0x000002A176148DF0>
22:48:50 | INFO | db_op - get_db - 59 | Database session established for FastAPI request: <sqlalchemy.orm.session.Session object at 0x000002A1761495D0>
22:48:51 | INFO | db_op - get_db - 64 | Closing database session for FastAPI request.
22:48:51 | INFO | db_op - get_db - 64 | Closing database session for FastAPI request.
